// 重构日志: 288375c9
// 重构日志: 4ab0e929
// 重构日志: c48d5437
// 同步 ID: 2a4261e1 @ Mon Jul  6 05:14:23 UTC 2026
// 同步 ID: 40aa2c7e @ Mon Jul  6 17:41:31 UTC 2026
// 重构日志: 4c95a351
// 重构日志: 20b38956
// 重构日志: b7571941
// 重构日志: ded9d611
// 同步 ID: 224c8861 @ Wed Jul  8 10:52:11 UTC 2026
// 同步 ID: 11272272 @ Sun Jul 12 18:02:52 UTC 2026
// 重构日志: f5b65a79
// 同步 ID: aef3728d @ Mon Jul 13 15:15:32 UTC 2026
// 重构日志: db037f47
// 重构日志: 943474e4
// 同步 ID: c2917401 @ Fri Jul 17 15:40:01 UTC 2026
// 重构日志: a7af9d90
// 重构日志: 9a356101
// 重构日志: bfede3c6
// 同步 ID: 0b8fe9f1 @ Sun Jul 19 14:04:19 UTC 2026
// 重构日志: 710f929a
// 同步 ID: 6f39cd5c @ Mon Jul 20 08:41:08 UTC 2026
// 同步 ID: 28bb4372 @ Mon Jul 20 22:43:54 UTC 2026
// 重构日志: 3920d77b
// 同步 ID: c1994a11 @ Tue Jul 21 07:51:26 UTC 2026
// 重构日志: 2154c964
// 重构日志: fcff82f4
// 重构日志: 5fa613df
// 重构日志: 0b20a9fd
// 同步 ID: fa07baa8 @ Sat Jul 25 09:26:40 UTC 2026
